/*C34*/SET SCHEMA PUBLIC
create table USERS(\u000a  username varchar(100),\u000a  password varchar(200),\u000a  enabled varchar(100),\u000a  primary key(username))
create table AUTHORITIES(\u000a  username varchar(100),\u000a  authority varchar(200))
/*C37*/SET SCHEMA PUBLIC
INSERT INTO USERS VALUES('admin','$2a$10$P8khBzPHjkGCp.6WjGyF6Oi1rJm1XUt2TCBl/aSwF3bc11E9RBPiq','true')
COMMIT
INSERT INTO AUTHORITIES VALUES('admin','ROLE_ADMIN')
COMMIT
INSERT INTO AUTHORITIES VALUES('admin','ROLE_USER')
COMMIT
INSERT INTO USERS VALUES('user','$2a$10$VQ2EKNv3ZsiZweOf6rLgU.qc7bwOV2wo3u4p6h5uFHs3W5YhO6JP2','true')
COMMIT
INSERT INTO AUTHORITIES VALUES('user','ROLE_user')
COMMIT
